// Jest Snapshot v1, https://goo.gl/fbAQLP

exports[`<Challenge3.5 /> should match snapshot 1`] = `ReactWrapper {}`;
